Archive member included to satisfy reference by file (symbol)

f:/mounriver/mounriver_studio/toolchain/risc-v embedded gcc/bin/../lib/gcc/riscv-none-embed/8.2.0/../../../../riscv-none-embed/lib/rv32imac/ilp32\libg_nano.a(lib_a-memcpy.o)
                              ./User/main.o (memcpy)
f:/mounriver/mounriver_studio/toolchain/risc-v embedded gcc/bin/../lib/gcc/riscv-none-embed/8.2.0/../../../../riscv-none-embed/lib/rv32imac/ilp32\libg_nano.a(lib_a-printf.o)
                              ./User/main.o (printf)
f:/mounriver/mounriver_studio/toolchain/risc-v embedded gcc/bin/../lib/gcc/riscv-none-embed/8.2.0/../../../../riscv-none-embed/lib/rv32imac/ilp32\libg_nano.a(lib_a-puts.o)
                              ./User/main.o (puts)
f:/mounriver/mounriver_studio/toolchain/risc-v embedded gcc/bin/../lib/gcc/riscv-none-embed/8.2.0/../../../../riscv-none-embed/lib/rv32imac/ilp32\libg_nano.a(lib_a-wbuf.o)
                              f:/mounriver/mounriver_studio/toolchain/risc-v embedded gcc/bin/../lib/gcc/riscv-none-embed/8.2.0/../../../../riscv-none-embed/lib/rv32imac/ilp32\libg_nano.a(lib_a-puts.o) (__swbuf_r)
f:/mounriver/mounriver_studio/toolchain/risc-v embedded gcc/bin/../lib/gcc/riscv-none-embed/8.2.0/../../../../riscv-none-embed/lib/rv32imac/ilp32\libg_nano.a(lib_a-wsetup.o)
                              f:/mounriver/mounriver_studio/toolchain/risc-v embedded gcc/bin/../lib/gcc/riscv-none-embed/8.2.0/../../../../riscv-none-embed/lib/rv32imac/ilp32\libg_nano.a(lib_a-puts.o) (__swsetup_r)
f:/mounriver/mounriver_studio/toolchain/risc-v embedded gcc/bin/../lib/gcc/riscv-none-embed/8.2.0/../../../../riscv-none-embed/lib/rv32imac/ilp32\libg_nano.a(lib_a-fflush.o)
                              f:/mounriver/mounriver_studio/toolchain/risc-v embedded gcc/bin/../lib/gcc/riscv-none-embed/8.2.0/../../../../riscv-none-embed/lib/rv32imac/ilp32\libg_nano.a(lib_a-wbuf.o) (_fflush_r)
f:/mounriver/mounriver_studio/toolchain/risc-v embedded gcc/bin/../lib/gcc/riscv-none-embed/8.2.0/../../../../riscv-none-embed/lib/rv32imac/ilp32\libg_nano.a(lib_a-findfp.o)
                              f:/mounriver/mounriver_studio/toolchain/risc-v embedded gcc/bin/../lib/gcc/riscv-none-embed/8.2.0/../../../../riscv-none-embed/lib/rv32imac/ilp32\libg_nano.a(lib_a-printf.o) (__sinit)
f:/mounriver/mounriver_studio/toolchain/risc-v embedded gcc/bin/../lib/gcc/riscv-none-embed/8.2.0/../../../../riscv-none-embed/lib/rv32imac/ilp32\libg_nano.a(lib_a-fwalk.o)
                              f:/mounriver/mounriver_studio/toolchain/risc-v embedded gcc/bin/../lib/gcc/riscv-none-embed/8.2.0/../../../../riscv-none-embed/lib/rv32imac/ilp32\libg_nano.a(lib_a-findfp.o) (_fwalk)
f:/mounriver/mounriver_studio/toolchain/risc-v embedded gcc/bin/../lib/gcc/riscv-none-embed/8.2.0/../../../../riscv-none-embed/lib/rv32imac/ilp32\libg_nano.a(lib_a-impure.o)
                              f:/mounriver/mounriver_studio/toolchain/risc-v embedded gcc/bin/../lib/gcc/riscv-none-embed/8.2.0/../../../../riscv-none-embed/lib/rv32imac/ilp32\libg_nano.a(lib_a-fflush.o) (_global_impure_ptr)
f:/mounriver/mounriver_studio/toolchain/risc-v embedded gcc/bin/../lib/gcc/riscv-none-embed/8.2.0/../../../../riscv-none-embed/lib/rv32imac/ilp32\libg_nano.a(lib_a-makebuf.o)
                              f:/mounriver/mounriver_studio/toolchain/risc-v embedded gcc/bin/../lib/gcc/riscv-none-embed/8.2.0/../../../../riscv-none-embed/lib/rv32imac/ilp32\libg_nano.a(lib_a-wsetup.o) (__smakebuf_r)
f:/mounriver/mounriver_studio/toolchain/risc-v embedded gcc/bin/../lib/gcc/riscv-none-embed/8.2.0/../../../../riscv-none-embed/lib/rv32imac/ilp32\libg_nano.a(lib_a-memset.o)
                              f:/mounriver/mounriver_studio/toolchain/risc-v embedded gcc/bin/../lib/gcc/riscv-none-embed/8.2.0/../../../../riscv-none-embed/lib/rv32imac/ilp32\libg_nano.a(lib_a-findfp.o) (memset)
f:/mounriver/mounriver_studio/toolchain/risc-v embedded gcc/bin/../lib/gcc/riscv-none-embed/8.2.0/../../../../riscv-none-embed/lib/rv32imac/ilp32\libg_nano.a(lib_a-nano-freer.o)
                              f:/mounriver/mounriver_studio/toolchain/risc-v embedded gcc/bin/../lib/gcc/riscv-none-embed/8.2.0/../../../../riscv-none-embed/lib/rv32imac/ilp32\libg_nano.a(lib_a-wsetup.o) (_free_r)
f:/mounriver/mounriver_studio/toolchain/risc-v embedded gcc/bin/../lib/gcc/riscv-none-embed/8.2.0/../../../../riscv-none-embed/lib/rv32imac/ilp32\libg_nano.a(lib_a-nano-mallocr.o)
                              f:/mounriver/mounriver_studio/toolchain/risc-v embedded gcc/bin/../lib/gcc/riscv-none-embed/8.2.0/../../../../riscv-none-embed/lib/rv32imac/ilp32\libg_nano.a(lib_a-findfp.o) (_malloc_r)
f:/mounriver/mounriver_studio/toolchain/risc-v embedded gcc/bin/../lib/gcc/riscv-none-embed/8.2.0/../../../../riscv-none-embed/lib/rv32imac/ilp32\libg_nano.a(lib_a-nano-vfprintf.o)
[...]
Memory Configuration

Name             Origin             Length             Attributes
FLASH            0x0000000000000000 0x0000000000010000 xr
RAM              0x0000000020000000 0x0000000000005000 xrw
*default*        0x0000000000000000 0xffffffffffffffff

Linker script and memory map

LOAD ./User/ch32v10x_it.o
LOAD ./User/main.o
LOAD ./User/system_ch32v10x.o
LOAD ./Startup/startup_ch32v10x.o
LOAD ./Peripheral/src/ch32v10x_adc.o
LOAD ./Peripheral/src/ch32v10x_bkp.o
LOAD ./Peripheral/src/ch32v10x_crc.o
LOAD ./Peripheral/src/ch32v10x_dbgmcu.o
LOAD ./Peripheral/src/ch32v10x_dma.o
LOAD ./Peripheral/src/ch32v10x_exti.o
LOAD ./Peripheral/src/ch32v10x_flash.o
LOAD ./Peripheral/src/ch32v10x_gpio.o
LOAD ./Peripheral/src/ch32v10x_i2c.o
LOAD ./Peripheral/src/ch32v10x_iwdg.o
LOAD ./Peripheral/src/ch32v10x_misc.o
LOAD ./Peripheral/src/ch32v10x_pwr.o
LOAD ./Peripheral/src/ch32v10x_rcc.o
LOAD ./Peripheral/src/ch32v10x_rtc.o
LOAD ./Peripheral/src/ch32v10x_spi.o
LOAD ./Peripheral/src/ch32v10x_tim.o
LOAD ./Peripheral/src/ch32v10x_usart.o
LOAD ./Peripheral/src/ch32v10x_usb.o
LOAD ./Peripheral/src/ch32v10x_usb_host.o
LOAD ./Peripheral/src/ch32v10x_wwdg.o
LOAD ./Debug/debug.o
LOAD ./Core/core_riscv.o
LOAD f:/mounriver/mounriver_studio/toolchain/risc-v embedded gcc/bin/../lib/gcc/riscv-none-embed/8.2.0/rv32imac/ilp32\libgcc.a
LOAD f:/mounriver/mounriver_studio/toolchain/risc-v embedded gcc/bin/../lib/gcc/riscv-none-embed/8.2.0/../../../../riscv-none-embed/lib/rv32imac/ilp32\libg_nano.a
LOAD f:/mounriver/mounriver_studio/toolchain/risc-v embedded gcc/bin/../lib/gcc/riscv-none-embed/8.2.0/../../../../riscv-none-embed/lib/rv32imac/ilp32\libc_nano.a
LOAD f:/mounriver/mounriver_studio/toolchain/risc-v embedded gcc/bin/../lib/gcc/riscv-none-embed/8.2.0/rv32imac/ilp32\libgcc.a
START GROUP
LOAD f:/mounriver/mounriver_studio/toolchain/risc-v embedded gcc/bin/../lib/gcc/riscv-none-embed/8.2.0/rv32imac/ilp32\libgcc.a
LOAD f:/mounriver/mounriver_studio/toolchain/risc-v embedded gcc/bin/../lib/gcc/riscv-none-embed/8.2.0/../../../../riscv-none-embed/lib/rv32imac/ilp32\libc_nano.a
LOAD f:/mounriver/mounriver_studio/toolchain/risc-v embedded gcc/bin/../lib/gcc/riscv-none-embed/8.2.0/../../../../riscv-none-embed/lib/rv32imac/ilp32\libnosys.a
END GROUP
START GROUP
LOAD f:/mounriver/mounriver_studio/toolchain/risc-v embedded gcc/bin/../lib/gcc/riscv-none-embed/8.2.0/rv32imac/ilp32\libgcc.a
LOAD f:/mounriver/mounriver_studio/toolchain/risc-v embedded gcc/bin/../lib/gcc/riscv-none-embed/8.2.0/../../../../riscv-none-embed/lib/rv32imac/ilp32\libc_nano.a
LOAD f:/mounriver/mounriver_studio/toolchain/risc-v embedded gcc/bin/../lib/gcc/riscv-none-embed/8.2.0/../../../../riscv-none-embed/lib/rv32imac/ilp32\libnosys.a
END GROUP
                0x0000000000000800                __stack_size = 0x800
                [!provide]                        PROVIDE (_stack_size = __stack_size)

.init           0x0000000000000000       0x38
                0x0000000000000000                _sinit = .
                0x0000000000000000                . = ALIGN (0x4)
 *(SORT_NONE(.init))
 .init          0x0000000000000000       0x38 ./Startup/startup_ch32v10x.o
                0x0000000000000000                _start
                0x0000000000000038                . = ALIGN (0x4)
                0x0000000000000038                _einit = .

.vector         0x0000000000000038      0x108
 *(.vector)
 .vector        0x0000000000000038       0xf0 ./Startup/startup_ch32v10x.o
                0x0000000000000140                . = ALIGN (0x40)
 *fill*         0x0000000000000128       0x18 

.text           0x0000000000000140     0x26a4
                0x0000000000000140                . = ALIGN (0x4)
 *(.text)
 .text          0x0000000000000140       0xa8 f:/mounriver/mounriver_studio/toolchain/risc-v embedded gcc/bin/../lib/gcc/riscv-none-embed/8.2.0/../../../../riscv-none-embed/lib/rv32imac/ilp32\libg_nano.a(lib_a-memset.o)
                0x0000000000000140                memset
 *(.text.*)
 .text.NMI_Handler
                0x00000000000001e8        0x4 ./User/ch32v10x_it.o
                0x00000000000001e8                NMI_Handler
 .text.HardFault_Handler
                0x00000000000001ec        0x2 ./User/ch32v10x_it.o
                0x00000000000001ec                HardFault_Handler
 .text.USBHD_ClockCmd
                0x00000000000001ee       0x38 ./User/main.o
                0x00000000000001ee                USBHD_ClockCmd
 .text.ADC_Function_Init
                0x0000000000000226       0x88 ./User/main.o
                0x0000000000000226                ADC_Function_Init
 .text.Get_ADC  0x00000000000002ae       0x42 ./User/main.o
                0x00000000000002ae                Get_ADC
 .text.Get_ADC_Average
                0x00000000000002f0       0x40 ./User/main.o
                0x00000000000002f0                Get_ADC_Average
 .text.IC_Voltage_Check
                0x0000000000000330       0x34 ./User/main.o
                0x0000000000000330                IC_Voltage_Check
 .text.startup.main
                0x0000000000000364       0xc2 ./User/main.o
                0x0000000000000364                main
 .text.DevEP1_OUT_Deal
                0x0000000000000426       0x24 ./User/main.o
                0x0000000000000426                DevEP1_OUT_Deal
 .text.DevEP2_OUT_Deal
                0x000000000000044a       0x24 ./User/main.o
                0x000000000000044a                DevEP2_OUT_Deal
 .text.DevEP3_OUT_Deal
                0x000000000000046e       0x24 ./User/main.o
                0x000000000000046e                DevEP3_OUT_Deal
 .text.DevEP4_OUT_Deal
                0x0000000000000492       0x24 ./User/main.o
                0x0000000000000492                DevEP4_OUT_Deal
 .text.DevEP5_OUT_Deal
                0x00000000000004b6       0x24 ./User/main.o
                0x00000000000004b6                DevEP5_OUT_Deal
 .text.DevEP6_OUT_Deal
                0x00000000000004da       0x24 ./User/main.o
                0x00000000000004da                DevEP6_OUT_Deal
 .text.DevEP7_OUT_Deal
                0x00000000000004fe       0x24 ./User/main.o
                0x00000000000004fe                DevEP7_OUT_Deal
 .text.USB_DevTransProcess
                0x0000000000000522      0x56c ./User/main.o
                0x0000000000000522                USB_DevTransProcess
 .text.USBHD_IRQHandler
                0x0000000000000a8e        0x6 ./User/main.o
                0x0000000000000a8e                USBHD_IRQHandler
 .text.SystemInit
                0x0000000000000a94      0x106 ./User/system_ch32v10x.o
                0x0000000000000a94                SystemInit
 .text.handle_reset
                0x0000000000000b9a       0x7a ./Startup/startup_ch32v10x.o
                0x0000000000000b9a                handle_reset
 .text.ADC_DeInit
                0x0000000000000c14       0x26 ./Peripheral/src/ch32v10x_adc.o
                0x0000000000000c14                ADC_DeInit
 .text.ADC_Init
                0x0000000000000c3a       0x50 ./Peripheral/src/ch32v10x_adc.o
                0x0000000000000c3a                ADC_Init
 .text.ADC_Cmd  0x0000000000000c8a       0x10 ./Peripheral/src/ch32v10x_adc.o
                0x0000000000000c8a                ADC_Cmd
 .text.ADC_ResetCalibration
                0x0000000000000c9a        0xa ./Peripheral/src/ch32v10x_adc.o
                0x0000000000000c9a                ADC_ResetCalibration
 .text.ADC_GetResetCalibrationStatus
                0x0000000000000ca4        0x8 ./Peripheral/src/ch32v10x_adc.o
                0x0000000000000ca4                ADC_GetResetCalibrationStatus
 .text.ADC_StartCalibration
                0x0000000000000cac        0xa ./Peripheral/src/ch32v10x_adc.o
                0x0000000000000cac                ADC_StartCalibration
 .text.ADC_GetCalibrationStatus
                0x0000000000000cb6        0x8 ./Peripheral/src/ch32v10x_adc.o
                0x0000000000000cb6                ADC_GetCalibrationStatus
 .text.ADC_SoftwareStartConvCmd
                0x0000000000000cbe       0x18 ./Peripheral/src/ch32v10x_adc.o
                0x0000000000000cbe                ADC_SoftwareStartConvCmd
 .text.ADC_RegularChannelConfig
                0x0000000000000cd6       0xb8 ./Peripheral/src/ch32v10x_adc.o
                0x0000000000000cd6                ADC_RegularChannelConfig
 .text.ADC_GetConversionValue
                0x0000000000000d8e        0x8 ./Peripheral/src/ch32v10x_adc.o
                0x0000000000000d8e                ADC_GetConversionValue
 .text.ADC_TempSensorVrefintCmd
                0x0000000000000d96       0x20 ./Peripheral/src/ch32v10x_adc.o
                0x0000000000000d96                ADC_TempSensorVrefintCmd
 .text.ADC_GetFlagStatus
                0x0000000000000db6        0xa ./Peripheral/src/ch32v10x_adc.o
                0x0000000000000db6                ADC_GetFlagStatus
 .text.GPIO_Init
                0x0000000000000dc0       0xc2 ./Peripheral/src/ch32v10x_gpio.o
                0x0000000000000dc0                GPIO_Init
 .text.NVIC_PriorityGroupConfig
                0x0000000000000e82        0x6 ./Peripheral/src/ch32v10x_misc.o
                0x0000000000000e82                NVIC_PriorityGroupConfig
 .text.RCC_USBCLKConfig
                0x0000000000000e88       0x24 ./Peripheral/src/ch32v10x_rcc.o
                0x0000000000000e88                RCC_USBCLKConfig
 .text.RCC_ADCCLKConfig
                0x0000000000000eac       0x12 ./Peripheral/src/ch32v10x_rcc.o
                0x0000000000000eac                RCC_ADCCLKConfig
 .text.RCC_GetClocksFreq
                0x0000000000000ebe       0xbc ./Peripheral/src/ch32v10x_rcc.o
                0x0000000000000ebe                RCC_GetClocksFreq
 .text.RCC_AHBPeriphClockCmd
                0x0000000000000f7a       0x1e ./Peripheral/src/ch32v10x_rcc.o
                0x0000000000000f7a                RCC_AHBPeriphClockCmd
 .text.RCC_APB2PeriphClockCmd
                0x0000000000000f98       0x1e ./Peripheral/src/ch32v10x_rcc.o
                0x0000000000000f98                RCC_APB2PeriphClockCmd
 .text.RCC_APB2PeriphResetCmd
                0x0000000000000fb6       0x1e ./Peripheral/src/ch32v10x_rcc.o
                0x0000000000000fb6                RCC_APB2PeriphResetCmd
 .text.USART_Init
                0x0000000000000fd4       0xd8 ./Peripheral/src/ch32v10x_usart.o
                0x0000000000000fd4                USART_Init
 .text.USART_Cmd
                0x00000000000010ac       0x1c ./Peripheral/src/ch32v10x_usart.o
                0x00000000000010ac                USART_Cmd
 .text.USART_SendData
                0x00000000000010c8        0xa ./Peripheral/src/ch32v10x_usart.o
                0x00000000000010c8                USART_SendData
 .text.USART_GetFlagStatus
                0x00000000000010d2        0xc ./Peripheral/src/ch32v10x_usart.o
                0x00000000000010d2                USART_GetFlagStatus
 .text.USB_DeviceInit
                0x00000000000010de       0xa2 ./Peripheral/src/ch32v10x_usb.o
                0x00000000000010de                USB_DeviceInit
 .text.DevEP1_IN_Deal
                0x0000000000001180       0x16 ./Peripheral/src/ch32v10x_usb.o
                0x0000000000001180                DevEP1_IN_Deal
 .text.DevEP2_IN_Deal
                0x0000000000001196       0x16 ./Peripheral/src/ch32v10x_usb.o
                0x0000000000001196                DevEP2_IN_Deal
 .text.DevEP3_IN_Deal
                0x00000000000011ac       0x16 ./Peripheral/src/ch32v10x_usb.o
                0x00000000000011ac                DevEP3_IN_Deal
 .text.DevEP4_IN_Deal
                0x00000000000011c2       0x16 ./Peripheral/src/ch32v10x_usb.o
                0x00000000000011c2                DevEP4_IN_Deal
 .text.DevEP5_IN_Deal
                0x00000000000011d8       0x16 ./Peripheral/src/ch32v10x_usb.o
                0x00000000000011d8                DevEP5_IN_Deal
 .text.DevEP6_IN_Deal
                0x00000000000011ee       0x16 ./Peripheral/src/ch32v10x_usb.o
                0x00000000000011ee                DevEP6_IN_Deal
 .text.DevEP7_IN_Deal
                0x0000000000001204       0x16 ./Peripheral/src/ch32v10x_usb.o
                0x0000000000001204                DevEP7_IN_Deal
 .text.Delay_Init
                0x000000000000121a       0x2a ./Debug/debug.o
                0x000000000000121a                Delay_Init
 .text.Delay_Ms
                0x0000000000001244       0x30 ./Debug/debug.o
                0x0000000000001244                Delay_Ms
 .text.USART_Printf_Init
                0x0000000000001274       0x56 ./Debug/debug.o
                0x0000000000001274                USART_Printf_Init
 .text._write   0x00000000000012ca       0x4c ./Debug/debug.o
                0x00000000000012ca                _write
 .text.memcpy   0x0000000000001316       0xb6 f:/mounriver/mounriver_studio/toolchain/risc-v embedded gcc/bin/../lib/gcc/riscv-none-embed/8.2.0/../../../../riscv-none-embed/lib/rv32imac/ilp32\libg_nano.a(lib_a-memcpy.o)
                0x0000000000001316                memcpy
 .text.printf   0x00000000000013cc       0x40 f:/mounriver/mounriver_studio/toolchain/risc-v embedded gcc/bin/../lib/gcc/riscv-none-embed/8.2.0/../../../../riscv-none-embed/lib/rv32imac/ilp32\libg_nano.a(lib_a-printf.o)
                0x00000000000013cc                iprintf
                0x00000000000013cc                printf
 .text._puts_r  0x000000000000140c       0xda f:/mounriver/mounriver_studio/toolchain/risc-v embedded gcc/bin/../lib/gcc/riscv-none-embed/8.2.0/../../../../riscv-none-embed/lib/rv32imac/ilp32\libg_nano.a(lib_a-puts.o)
                0x000000000000140c                _puts_r
 .text.puts     0x00000000000014e6        0xa f:/mounriver/mounriver_studio/toolchain/risc-v embedded gcc/bin/../lib/gcc/riscv-none-embed/8.2.0/../../../../riscv-none-embed/lib/rv32imac/ilp32\libg_nano.a(lib_a-puts.o)
                0x00000000000014e6                puts
 .text.__swbuf_r
                0x00000000000014f0       0xc0 f:/mounriver/mounriver_studio/toolchain/risc-v embedded gcc/bin/../lib/gcc/riscv-none-embed/8.2.0/../../../../riscv-none-embed/lib/rv32imac/ilp32\libg_nano.a(lib_a-wbuf.o)
                0x00000000000014f0                __swbuf_r
 .text.__swsetup_r
                0x00000000000015b0      0x10c f:/mounriver/mounriver_studio/toolchain/risc-v embedded gcc/bin/../lib/gcc/riscv-none-embed/8.2.0/../../../../riscv-none-embed/lib/rv32imac/ilp32\libg_nano.a(lib_a-wsetup.o)
                0x00000000000015b0                __swsetup_r
 .text.__sflush_r
                0x00000000000016bc      0x13c f:/mounriver/mounriver_studio/toolchain/risc-v embedded gcc/bin/../lib/gcc/riscv-none-embed/8.2.0/../../../../riscv-none-embed/lib/rv32imac/ilp32\libg_nano.a(lib_a-fflush.o)
                0x00000000000016bc                __sflush_r
 .text._fflush_r
                0x00000000000017f8       0x64 f:/mounriver/mounriver_studio/toolchain/risc-v embedded gcc/bin/../lib/gcc/riscv-none-embed/8.2.0/../../../../riscv-none-embed/lib/rv32imac/ilp32\libg_nano.a(lib_a-fflush.o)
                0x00000000000017f8                _fflush_r
 .text.std      0x000000000000185c       0x6a f:/mounriver/mounriver_studio/toolchain/risc-v embedded gcc/bin/../lib/gcc/riscv-none-embed/8.2.0/../../../../riscv-none-embed/lib/rv32imac/ilp32\libg_nano.a(lib_a-findfp.o)
 .text._cleanup_r
                0x00000000000018c6        0xa f:/mounriver/mounriver_studio/toolchain/risc-v embedded gcc/bin/../lib/gcc/riscv-none-embed/8.2.0/../../../../riscv-none-embed/lib/rv32imac/ilp32\libg_nano.a(lib_a-findfp.o)
                0x00000000000018c6                _cleanup_r
 .text.__sfmoreglue
                0x00000000000018d0       0x46 f:/mounriver/mounriver_studio/toolchain/risc-v embedded gcc/bin/../lib/gcc/riscv-none-embed/8.2.0/../../../../riscv-none-embed/lib/rv32imac/ilp32\libg_nano.a(lib_a-findfp.o)
                0x00000000000018d0                __sfmoreglue
 .text.__sinit  0x0000000000001916       0x66 f:/mounriver/mounriver_studio/toolchain/risc-v embedded gcc/bin/../lib/gcc/riscv-none-embed/8.2.0/../../../../riscv-none-embed/lib/rv32imac/ilp32\libg_nano.a(lib_a-findfp.o)
                0x0000000000001916                __sinit
 .text.__sfp    0x000000000000197c       0x9c f:/mounriver/mounriver_studio/toolchain/risc-v embedded gcc/bin/../lib/gcc/riscv-none-embed/8.2.0/../../../../riscv-none-embed/lib/rv32imac/ilp32\libg_nano.a(lib_a-findfp.o)
                0x000000000000197c                __sfp
 .text._fwalk_reent
                0x0000000000001a18       0x6c f:/mounriver/mounriver_studio/toolchain/risc-v embedded gcc/bin/../lib/gcc/riscv-none-embed/8.2.0/../../../../riscv-none-embed/lib/rv32imac/ilp32\libg_nano.a(lib_a-fwalk.o)
                0x0000000000001a18                _fwalk_reent
 .text.__swhatbuf_r
                0x0000000000001a84       0x5a f:/mounriver/mounriver_studio/toolchain/risc-v embedded gcc/bin/../lib/gcc/riscv-none-embed/8.2.0/../../../../riscv-none-embed/lib/rv32imac/ilp32\libg_nano.a(lib_a-makebuf.o)
                0x0000000000001a84                __swhatbuf_r
 .text.__smakebuf_r
                0x0000000000001ade       0x9e f:/mounriver/mounriver_studio/toolchain/risc-v embedded gcc/bin/../lib/gcc/riscv-none-embed/8.2.0/../../../../riscv-none-embed/lib/rv32imac/ilp32\libg_nano.a(lib_a-makebuf.o)
                0x0000000000001ade                __smakebuf_r
 .text._free_r  0x0000000000001b7c       0xa8 f:/mounriver/mounriver_studio/toolchain/risc-v embedded gcc/bin/../lib/gcc/riscv-none-embed/8.2.0/../../../../riscv-none-embed/lib/rv32imac/ilp32\libg_nano.a(lib_a-nano-freer.o)
                0x0000000000001b7c                _free_r
 .text._malloc_r
                0x0000000000001c24       0xd4 f:/mounriver/mounriver_studio/toolchain/risc-v embedded gcc/bin/../lib/gcc/riscv-none-embed/8.2.0/../../../../riscv-none-embed/lib/rv32imac/ilp32\libg_nano.a(lib_a-nano-mallocr.o)
                0x0000000000001c24                _malloc_r
 .text.__sfputc_r
                0x0000000000001cf8       0x2a f:/mounriver/mounriver_studio/toolchain/risc-v embedded gcc/bin/../lib/gcc/riscv-none-embed/8.2.0/../../../../riscv-none-embed/lib/rv32imac/ilp32\libg_nano.a(lib_a-nano-vfprintf.o)
 .text.__sfputs_r
                0x0000000000001d22       0x42 f:/mounriver/mounriver_studio/toolchain/risc-v embedded gcc/bin/../lib/gcc/riscv-none-embed/8.2.0/../../../../riscv-none-embed/lib/rv32imac/ilp32\libg_nano.a(lib_a-nano-vfprintf.o)
                0x0000000000001d22                __sfputs_r
 .text._vfprintf_r
                0x0000000000001d64      0x298 f:/mounriver/mounriver_studio/toolchain/risc-v embedded gcc/bin/../lib/gcc/riscv-none-embed/8.2.0/../../../../riscv-none-embed/lib/rv32imac/ilp32\libg_nano.a(lib_a-nano-vfprintf.o)
                0x0000000000001d64                _vfprintf_r
                0x0000000000001d64                _vfiprintf_r
 .text._printf_common
                0x0000000000001ffc      0x10c f:/mounriver/mounriver_studio/toolchain/risc-v embedded gcc/bin/../lib/gcc/riscv-none-embed/8.2.0/../../../../riscv-none-embed/lib/rv32imac/ilp32\libg_nano.a(lib_a-nano-vfprintf_i.o)
                0x0000000000001ffc                _printf_common
 .text._printf_i
                0x0000000000002108      0x2a2 f:/mounriver/mounriver_studio/toolchain/risc-v embedded gcc/bin/../lib/gcc/riscv-none-embed/8.2.0/../../../../riscv-none-embed/lib/rv32imac/ilp32\libg_nano.a(lib_a-nano-vfprintf_i.o)
                0x0000000000002108                _printf_i
 .text._sbrk_r  0x00000000000023aa       0x28 f:/mounriver/mounriver_studio/toolchain/risc-v embedded gcc/bin/../lib/gcc/riscv-none-embed/8.2.0/../../../../riscv-none-embed/lib/rv32imac/ilp32\libg_nano.a(lib_a-sbrkr.o)
                0x00000000000023aa                _sbrk_r
 .text.__sread  0x00000000000023d2       0x30 f:/mounriver/mounriver_studio/toolchain/risc-v embedded gcc/bin/../lib/gcc/riscv-none-embed/8.2.0/../../../../riscv-none-embed/lib/rv32imac/ilp32\libg_nano.a(lib_a-stdio.o)
                0x00000000000023d2                __sread
 .text.__swrite
                0x0000000000002402       0x4e f:/mounriver/mounriver_studio/toolchain/risc-v embedded gcc/bin/../lib/gcc/riscv-none-embed/8.2.0/../../../../riscv-none-embed/lib/rv32imac/ilp32\libg_nano.a(lib_a-stdio.o)
                0x0000000000002402                __swrite
 .text.__sseek  0x0000000000002450       0x36 f:/mounriver/mounriver_studio/toolchain/risc-v embedded gcc/bin/../lib/gcc/riscv-none-embed/8.2.0/../../../../riscv-none-embed/lib/rv32imac/ilp32\libg_nano.a(lib_a-stdio.o)
                0x0000000000002450                __sseek
 .text.__sclose
                0x0000000000002486        0x6 f:/mounriver/mounriver_studio/toolchain/risc-v embedded gcc/bin/../lib/gcc/riscv-none-embed/8.2.0/../../../../riscv-none-embed/lib/rv32imac/ilp32\libg_nano.a(lib_a-stdio.o)
                0x0000000000002486                __sclose
 .text._write_r
                0x000000000000248c       0x2e f:/mounriver/mounriver_studio/toolchain/risc-v embedded gcc/bin/../lib/gcc/riscv-none-embed/8.2.0/../../../../riscv-none-embed/lib/rv32imac/ilp32\libg_nano.a(lib_a-writer.o)
                0x000000000000248c                _write_r
 .text._close_r
                0x00000000000024ba       0x28 f:/mounriver/mounriver_studio/toolchain/risc-v embedded gcc/bin/../lib/gcc/riscv-none-embed/8.2.0/../../../../riscv-none-embed/lib/rv32imac/ilp32\libg_nano.a(lib_a-closer.o)
                0x00000000000024ba                _close_r
 .text._fstat_r
                0x00000000000024e2       0x2a f:/mounriver/mounriver_studio/toolchain/risc-v embedded gcc/bin/../lib/gcc/riscv-none-embed/8.2.0/../../../../riscv-none-embed/lib/rv32imac/ilp32\libg_nano.a(lib_a-fstatr.o)
                0x00000000000024e2                _fstat_r
 .text._isatty_r
                0x000000000000250c       0x28 f:/mounriver/mounriver_studio/toolchain/risc-v embedded gcc/bin/../lib/gcc/riscv-none-embed/8.2.0/../../../../riscv-none-embed/lib/rv32imac/ilp32\libg_nano.a(lib_a-isattyr.o)
                0x000000000000250c                _isatty_r
 .text._lseek_r
                0x0000000000002534       0x2c f:/mounriver/mounriver_studio/toolchain/risc-v embedded gcc/bin/../lib/gcc/riscv-none-embed/8.2.0/../../../../riscv-none-embed/lib/rv32imac/ilp32\libg_nano.a(lib_a-lseekr.o)
                0x0000000000002534                _lseek_r
 .text.memchr   0x0000000000002560       0x1a f:/mounriver/mounriver_studio/toolchain/risc-v embedded gcc/bin/../lib/gcc/riscv-none-embed/8.2.0/../../../../riscv-none-embed/lib/rv32imac/ilp32\libg_nano.a(lib_a-memchr.o)
                0x0000000000002560                memchr
 .text.__malloc_lock
                0x000000000000257a        0x2 f:/mounriver/mounriver_studio/toolchain/risc-v embedded gcc/bin/../lib/gcc/riscv-none-embed/8.2.0/../../../../riscv-none-embed/lib/rv32imac/ilp32\libg_nano.a(lib_a-mlock.o)
                0x000000000000257a                __malloc_lock
 .text.__malloc_unlock
                0x000000000000257c        0x2 f:/mounriver/mounriver_studio/toolchain/risc-v embedded gcc/bin/../lib/gcc/riscv-none-embed/8.2.0/../../../../riscv-none-embed/lib/rv32imac/ilp32\libg_nano.a(lib_a-mlock.o)
                0x000000000000257c                __malloc_unlock
 .text._read_r  0x000000000000257e       0x2c f:/mounriver/mounriver_studio/toolchain/risc-v embedded gcc/bin/../lib/gcc/riscv-none-embed/8.2.0/../../../../riscv-none-embed/lib/rv32imac/ilp32\libg_nano.a(lib_a-readr.o)
                0x000000000000257e                _read_r
 .text._close   0x00000000000025aa        0xc f:/mounriver/mounriver_studio/toolchain/risc-v embedded gcc/bin/../lib/gcc/riscv-none-embed/8.2.0/../../../../riscv-none-embed/lib/rv32imac/ilp32\libnosys.a(close.o)
                0x00000000000025aa                _close
 .text._fstat   0x00000000000025b6        0xc f:/mounriver/mounriver_studio/toolchain/risc-v embedded gcc/bin/../lib/gcc/riscv-none-embed/8.2.0/../../../../riscv-none-embed/lib/rv32imac/ilp32\libnosys.a(fstat.o)
                0x00000000000025b6                _fstat
 .text._isatty  0x00000000000025c2        0xc f:/mounriver/mounriver_studio/toolchain/risc-v embedded gcc/bin/../lib/gcc/riscv-none-embed/8.2.0/../../../../riscv-none-embed/lib/rv32imac/ilp32\libnosys.a(isatty.o)
                0x00000000000025c2                _isatty
 .text._lseek   0x00000000000025ce        0xc f:/mounriver/mounriver_studio/toolchain/risc-v embedded gcc/bin/../lib/gcc/riscv-none-embed/8.2.0/../../../../riscv-none-embed/lib/rv32imac/ilp32\libnosys.a(lseek.o)
                0x00000000000025ce                _lseek
 .text._read    0x00000000000025da        0xc f:/mounriver/mounriver_studio/toolchain/risc-v embedded gcc/bin/../lib/gcc/riscv-none-embed/8.2.0/../../../../riscv-none-embed/lib/rv32imac/ilp32\libnosys.a(read.o)
                0x00000000000025da                _read
 .text._sbrk    0x00000000000025e6       0x20 f:/mounriver/mounriver_studio/toolchain/risc-v embedded gcc/bin/../lib/gcc/riscv-none-embed/8.2.0/../../../../riscv-none-embed/lib/rv32imac/ilp32\libnosys.a(sbrk.o)
                0x00000000000025e6                _sbrk
 *(.rodata)
 *(.rodata*)
 *fill*         0x0000000000002606        0x2 
 .rodata.USB_DevTransProcess
                0x0000000000002608       0x6c ./User/main.o
 .rodata.MyCfgDescr
                0x0000000000002674       0x74 ./User/main.o
                0x0000000000002674                MyCfgDescr
 .rodata.MyDevDescr
                0x00000000000026e8       0x12 ./User/main.o
                0x00000000000026e8                MyDevDescr
 *fill*         0x00000000000026fa        0x2 
 .rodata.MyManuInfo
                0x00000000000026fc        0xe ./User/main.o
                0x00000000000026fc                MyManuInfo
 *fill*         0x000000000000270a        0x2 
 .rodata.MyProdInfo
                0x000000000000270c        0xc ./User/main.o
                0x000000000000270c                MyProdInfo
 .rodata.main.str1.4
                0x0000000000002718       0x2f ./User/main.o
 *fill*         0x0000000000002747        0x1 
 .rodata.__sf_fake_stderr
                0x0000000000002748       0x20 f:/mounriver/mounriver_studio/toolchain/risc-v embedded gcc/bin/../lib/gcc/riscv-none-embed/8.2.0/../../../../riscv-none-embed/lib/rv32imac/ilp32\libg_nano.a(lib_a-findfp.o)
                0x0000000000002748                __sf_fake_stderr
 .rodata.__sf_fake_stdin
                0x0000000000002768       0x20 f:/mounriver/mounriver_studio/toolchain/risc-v embedded gcc/bin/../lib/gcc/riscv-none-embed/8.2.0/../../../../riscv-none-embed/lib/rv32imac/ilp32\libg_nano.a(lib_a-findfp.o)
                0x0000000000002768                __sf_fake_stdin
 .rodata.__sf_fake_stdout
                0x0000000000002788       0x20 f:/mounriver/mounriver_studio/toolchain/risc-v embedded gcc/bin/../lib/gcc/riscv-none-embed/8.2.0/../../../../riscv-none-embed/lib/rv32imac/ilp32\libg_nano.a(lib_a-findfp.o)
                0x0000000000002788                __sf_fake_stdout
 .rodata._vfprintf_r.str1.4
                0x00000000000027a8       0x13 f:/mounriver/mounriver_studio/toolchain/risc-v embedded gcc/bin/../lib/gcc/riscv-none-embed/8.2.0/../../../../riscv-none-embed/lib/rv32imac/ilp32\libg_nano.a(lib_a-nano-vfprintf.o)
 *fill*         0x00000000000027bb        0x1 
 .rodata._printf_i.str1.4
                0x00000000000027bc       0x28 f:/mounriver/mounriver_studio/toolchain/risc-v embedded gcc/bin/../lib/gcc/riscv-none-embed/8.2.0/../../../../riscv-none-embed/lib/rv32imac/ilp32\libg_nano.a(lib_a-nano-vfprintf_i.o)
                                         0x25 (size before relaxing)
 *(.glue_7)
 *(.glue_7t)
 *(.gnu.linkonce.t.*)
                0x00000000000027e4                . = ALIGN (0x4)

.rela.dyn       0x00000000000027e4        0x0
 .rela.text.startup.main
                0x00000000000027e4        0x0 ./User/ch32v10x_it.o
 .rela.text.DevEP1_OUT_Deal
                0x00000000000027e4        0x0 ./User/ch32v10x_it.o
 .rela.text.DevEP2_OUT_Deal
                0x00000000000027e4        0x0 ./User/ch32v10x_it.o
 .rela.text.DevEP3_OUT_Deal
                0x00000000000027e4        0x0 ./User/ch32v10x_it.o
 .rela.text.DevEP4_OUT_Deal
                0x00000000000027e4        0x0 ./User/ch32v10x_it.o
 .rela.text.DevEP5_OUT_Deal
                0x00000000000027e4        0x0 ./User/ch32v10x_it.o
 .rela.text.DevEP6_OUT_Deal
                0x00000000000027e4        0x0 ./User/ch32v10x_it.o
 .rela.text.DevEP7_OUT_Deal
                0x00000000000027e4        0x0 ./User/ch32v10x_it.o
 .rela.text.USB_DevTransProcess
                0x00000000000027e4        0x0 ./User/ch32v10x_it.o
 .rela.init     0x00000000000027e4        0x0 ./User/ch32v10x_it.o
 .rela.vector   0x00000000000027e4        0x0 ./User/ch32v10x_it.o
 .rela.text.handle_reset
                0x00000000000027e4        0x0 ./User/ch32v10x_it.o
 .rela.text.USB_DeviceInit
                0x00000000000027e4        0x0 ./User/ch32v10x_it.o
 .rela.text._vfprintf_r
                0x00000000000027e4        0x0 ./User/ch32v10x_it.o
 .rela.text._sbrk_r
                0x00000000000027e4        0x0 ./User/ch32v10x_it.o
 .rela.text._write_r
                0x00000000000027e4        0x0 ./User/ch32v10x_it.o
 .rela.text._close_r
                0x00000000000027e4        0x0 ./User/ch32v10x_it.o
 .rela.text._fstat_r
                0x00000000000027e4        0x0 ./User/ch32v10x_it.o
 .rela.text._isatty_r
                0x00000000000027e4        0x0 ./User/ch32v10x_it.o
 .rela.text._lseek_r
                0x00000000000027e4        0x0 ./User/ch32v10x_it.o
 .rela.text._read_r
                0x00000000000027e4        0x0 ./User/ch32v10x_it.o
 .rela.text._close
                0x00000000000027e4        0x0 ./User/ch32v10x_it.o
 .rela.text._fstat
                0x00000000000027e4        0x0 ./User/ch32v10x_it.o
 .rela.text._isatty
                0x00000000000027e4        0x0 ./User/ch32v10x_it.o
 .rela.text._lseek
                0x00000000000027e4        0x0 ./User/ch32v10x_it.o
 .rela.text._read
                0x00000000000027e4        0x0 ./User/ch32v10x_it.o
 .rela.text._sbrk
                0x00000000000027e4        0x0 ./User/ch32v10x_it.o

.fini           0x00000000000027e4        0x0
 *(SORT_NONE(.fini))
                0x00000000000027e4                . = ALIGN (0x4)
                [!provide]                        PROVIDE (_etext = .)
                [!provide]                        PROVIDE (_eitcm = .)

.preinit_array  0x00000000000027e4        0x0
                [!provide]                        PROVIDE (__preinit_array_start = .)
 *(.preinit_array)
                [!provide]                        PROVIDE (__preinit_array_end = .)

.init_array     0x00000000000027e4        0x0
                [!provide]                        PROVIDE (__init_array_start = .)
 *(SORT_BY_INIT_PRIORITY(.init_array.*) SORT_BY_INIT_PRIORITY(.ctors.*))
 *(.init_array EXCLUDE_FILE(*crtend?.o *crtend.o *crtbegin?.o *crtbegin.o) .ctors)
                [!provide]                        PROVIDE (__init_array_end = .)

.fini_array     0x00000000000027e4        0x0
                [!provide]                        PROVIDE (__fini_array_start = .)
 *(SORT_BY_INIT_PRIORITY(.fini_array.*) SORT_BY_INIT_PRIORITY(.dtors.*))
 *(.fini_array EXCLUDE_FILE(*crtend?.o *crtend.o *crtbegin?.o *crtbegin.o) .dtors)
                [!provide]                        PROVIDE (__fini_array_end = .)

.ctors
 *crtbegin.o(.ctors)
 *crtbegin?.o(.ctors)
 *(EXCLUDE_FILE(*crtend?.o *crtend.o) .ctors)
 *(SORT_BY_NAME(.ctors.*))
 *(.ctors)

.dtors
 *crtbegin.o(.dtors)
 *crtbegin?.o(.dtors)
 *(EXCLUDE_FILE(*crtend?.o *crtend.o) .dtors)
 *(SORT_BY_NAME(.dtors.*))
 *(.dtors)

.dalign         0x0000000020000000        0x0 load address 0x00000000000027e4
                0x0000000020000000                . = ALIGN (0x4)
                0x0000000020000000                PROVIDE (_data_vma = .)

.dlalign        0x00000000000027e4        0x0
                0x00000000000027e4                . = ALIGN (0x4)
                0x00000000000027e4                PROVIDE (_data_lma = .)

.data           0x0000000020000000       0x88 load address 0x00000000000027e4
 *(.gnu.linkonce.r.*)
 *(.data .data.*)
 .data.APBAHBPrescTable
                0x0000000020000000       0x10 ./Peripheral/src/ch32v10x_rcc.o
 .data.impure_data
                0x0000000020000010       0x60 f:/mounriver/mounriver_studio/toolchain/risc-v embedded gcc/bin/../lib/gcc/riscv-none-embed/8.2.0/../../../../riscv-none-embed/lib/rv32imac/ilp32\libg_nano.a(lib_a-impure.o)
 *(.gnu.linkonce.d.*)
                0x0000000020000070                . = ALIGN (0x8)
                0x0000000020000870                PROVIDE (__global_pointer$ = (. + 0x800))
 *(.sdata .sdata.*)
 .sdata.SystemCoreClock
                0x0000000020000070        0x4 ./User/system_ch32v10x.o
                0x0000000020000070                SystemCoreClock
 .sdata.ADCPrescTable
                0x0000000020000074        0x4 ./Peripheral/src/ch32v10x_rcc.o
 .sdata._impure_ptr
                0x0000000020000078        0x4 f:/mounriver/mounriver_studio/toolchain/risc-v embedded gcc/bin/../lib/gcc/riscv-none-embed/8.2.0/../../../../riscv-none-embed/lib/rv32imac/ilp32\libg_nano.a(lib_a-impure.o)
                0x0000000020000078                _impure_ptr
 *(.sdata2.*)
 .sdata2.MyLangDescr
                0x000000002000007c        0x4 ./User/main.o
                0x000000002000007c                MyLangDescr
 .sdata2._global_impure_ptr
                0x0000000020000080        0x4 f:/mounriver/mounriver_studio/toolchain/risc-v embedded gcc/bin/../lib/gcc/riscv-none-embed/8.2.0/../../../../riscv-none-embed/lib/rv32imac/ilp32\libg_nano.a(lib_a-impure.o)
                0x0000000020000080                _global_impure_ptr
 *(.gnu.linkonce.s.*)
                0x0000000020000088                . = ALIGN (0x8)
 *fill*         0x0000000020000084        0x4 
 *(.srodata.cst16)
 *(.srodata.cst8)
 *(.srodata.cst4)
 *(.srodata.cst2)
 *(.srodata .srodata.*)
                0x0000000020000088                . = ALIGN (0x4)
                0x0000000020000088                PROVIDE (_edata = .)

.bss            0x0000000020000088      0x404 load address 0x000000000000286c
                0x0000000020000088                . = ALIGN (0x4)
                0x0000000020000088                PROVIDE (_sbss = .)
 *(.sbss*)
 .sbss.NVIC_Priority_Group
                0x0000000020000088        0x4 ./Peripheral/src/ch32v10x_misc.o
                0x0000000020000088                NVIC_Priority_Group
 .sbss.p_ms     0x000000002000008c        0x2 ./Debug/debug.o
 .sbss.p_us     0x000000002000008e        0x1 ./Debug/debug.o
 *fill*         0x000000002000008f        0x1 
 .sbss.__malloc_free_list
                0x0000000020000090        0x4 f:/mounriver/mounriver_studio/toolchain/risc-v embedded gcc/bin/../lib/gcc/riscv-none-embed/8.2.0/../../../../riscv-none-embed/lib/rv32imac/ilp32\libg_nano.a(lib_a-nano-mallocr.o)
                0x0000000020000090                __malloc_free_list
 .sbss.__malloc_sbrk_start
                0x0000000020000094        0x4 f:/mounriver/mounriver_studio/toolchain/risc-v embedded gcc/bin/../lib/gcc/riscv-none-embed/8.2.0/../../../../riscv-none-embed/lib/rv32imac/ilp32\libg_nano.a(lib_a-nano-mallocr.o)
                0x0000000020000094                __malloc_sbrk_start
 .sbss.heap_end.1518
                0x0000000020000098        0x4 f:/mounriver/mounriver_studio/toolchain/risc-v embedded gcc/bin/../lib/gcc/riscv-none-embed/8.2.0/../../../../riscv-none-embed/lib/rv32imac/ilp32\libnosys.a(sbrk.o)
 *(.gnu.linkonce.sb.*)
 *(.bss*)
 *(.gnu.linkonce.b.*)
 *(COMMON*)
 COMMON         0x000000002000009c      0x3cc ./User/main.o
                0x000000002000009c                DevConfig
                0x000000002000009e                SetupReqLen
                0x00000000200000a0                SetupReqCode
                0x00000000200000a4                EP5_Databuf
                0x0000000020000124                pDescr
                0x0000000020000128                EP0_Databuf
                0x0000000020000168                EP1_Databuf
                0x00000000200001e8                EP4_Databuf
                0x0000000020000268                EP6_Databuf
                0x00000000200002e8                EP2_Databuf
                0x0000000020000368                EP7_Databuf
                0x00000000200003e8                EP3_Databuf
 COMMON         0x0000000020000468       0x20 ./Peripheral/src/ch32v10x_usb.o
                0x0000000020000468                pEP7_RAM_Addr
                0x000000002000046c                pEP6_RAM_Addr
                0x0000000020000470                pEP4_RAM_Addr
                0x0000000020000474                pEP2_RAM_Addr
                0x0000000020000478                pEP3_RAM_Addr
                0x000000002000047c                pEP0_RAM_Addr
                0x0000000020000480                pEP5_RAM_Addr
                0x0000000020000484                pEP1_RAM_Addr
 COMMON         0x0000000020000488        0x4 f:/mounriver/mounriver_studio/toolchain/risc-v embedded gcc/bin/../lib/gcc/riscv-none-embed/8.2.0/../../../../riscv-none-embed/lib/rv32imac/ilp32\libg_nano.a(lib_a-reent.o)
                0x0000000020000488                errno
                0x000000002000048c                . = ALIGN (0x4)
                0x000000002000048c                PROVIDE (_ebss = .)
                [!provide]                        PROVIDE (_end = _ebss)
                0x000000002000048c                PROVIDE (end = .)

.stack          0x0000000020004800      0x800
                0x0000000020004800                . = ALIGN (0x4)
                [!provide]                        PROVIDE (_susrstack = .)
                0x0000000020005000                . = (. + __stack_size)
 *fill*         0x0000000020004800      0x800 
                0x0000000020005000                PROVIDE (_eusrstack = .)
OUTPUT(DEVICE.elf elf32-littleriscv)

.debug_info     0x0000000000000000     0xb3ad
 .debug_info    0x0000000000000000      0xb15 ./User/ch32v10x_it.o
 .debug_info    0x0000000000000b15     0x1af3 ./User/main.o
 .debug_info    0x0000000000002608      0xd91 ./User/system_ch32v10x.o
 .debug_info    0x0000000000003399       0x22 ./Startup/startup_ch32v10x.o
 .debug_info    0x00000000000033bb     0x1729 ./Peripheral/src/ch32v10x_adc.o
 .debug_info    0x0000000000004ae4     0x124e ./Peripheral/src/ch32v10x_gpio.o
 .debug_info    0x0000000000005d32      0xfe4 ./Peripheral/src/ch32v10x_misc.o
 .debug_info    0x0000000000006d16     0x139d ./Peripheral/src/ch32v10x_rcc.o
 .debug_info    0x00000000000080b3     0x1581 ./Peripheral/src/ch32v10x_usart.o
 .debug_info    0x0000000000009634      0xca2 ./Peripheral/src/ch32v10x_usb.o
 .debug_info    0x000000000000a2d6     0x10d7 ./Debug/debug.o

.debug_abbrev   0x0000000000000000     0x1d9c
 .debug_abbrev  0x0000000000000000      0x1d4 ./User/ch32v10x_it.o
 .debug_abbrev  0x00000000000001d4      0x423 ./User/main.o
 .debug_abbrev  0x00000000000005f7      0x2c5 ./User/system_ch32v10x.o
 .debug_abbrev  0x00000000000008bc       0x12 ./Startup/startup_ch32v10x.o
 .debug_abbrev  0x00000000000008ce      0x34b ./Peripheral/src/ch32v10x_adc.o
 .debug_abbrev  0x0000000000000c19      0x31f ./Peripheral/src/ch32v10x_gpio.o
 .debug_abbrev  0x0000000000000f38      0x2f6 ./Peripheral/src/ch32v10x_misc.o
 .debug_abbrev  0x000000000000122e      0x356 ./Peripheral/src/ch32v10x_rcc.o
 .debug_abbrev  0x0000000000001584      0x32a ./Peripheral/src/ch32v10x_usart.o
 .debug_abbrev  0x00000000000018ae      0x217 ./Peripheral/src/ch32v10x_usb.o
 .debug_abbrev  0x0000000000001ac5      0x2d7 ./Debug/debug.o

.debug_aranges  0x0000000000000000      0x5c8
 .debug_aranges
                0x0000000000000000       0x28 ./User/ch32v10x_it.o
 .debug_aranges
                0x0000000000000028       0x90 ./User/main.o
 .debug_aranges
                0x00000000000000b8       0x28 ./User/system_ch32v10x.o
 .debug_aranges
                0x00000000000000e0       0x30 ./Startup/startup_ch32v10x.o
 .debug_aranges
                0x0000000000000110      0x140 ./Peripheral/src/ch32v10x_adc.o
 .debug_aranges
                0x0000000000000250       0xa0 ./Peripheral/src/ch32v10x_gpio.o
 .debug_aranges
                0x00000000000002f0       0x28 ./Peripheral/src/ch32v10x_misc.o
 .debug_aranges
                0x0000000000000318      0x118 ./Peripheral/src/ch32v10x_rcc.o
 .debug_aranges
                0x0000000000000430      0x100 ./Peripheral/src/ch32v10x_usart.o
 .debug_aranges
                0x0000000000000530       0x58 ./Peripheral/src/ch32v10x_usb.o
 .debug_aranges
                0x0000000000000588       0x40 ./Debug/debug.o

.debug_ranges   0x0000000000000000      0x578
 .debug_ranges  0x0000000000000000       0x18 ./User/ch32v10x_it.o
 .debug_ranges  0x0000000000000018       0xa0 ./User/main.o
 .debug_ranges  0x00000000000000b8       0x38 ./User/system_ch32v10x.o
 .debug_ranges  0x00000000000000f0       0x28 ./Startup/startup_ch32v10x.o
 .debug_ranges  0x0000000000000118      0x130 ./Peripheral/src/ch32v10x_adc.o
 .debug_ranges  0x0000000000000248       0x90 ./Peripheral/src/ch32v10x_gpio.o
 .debug_ranges  0x00000000000002d8       0x30 ./Peripheral/src/ch32v10x_misc.o
 .debug_ranges  0x0000000000000308      0x108 ./Peripheral/src/ch32v10x_rcc.o
 .debug_ranges  0x0000000000000410       0xf0 ./Peripheral/src/ch32v10x_usart.o
 .debug_ranges  0x0000000000000500       0x48 ./Peripheral/src/ch32v10x_usb.o
 .debug_ranges  0x0000000000000548       0x30 ./Debug/debug.o

.debug_line     0x0000000000000000     0x7ae4
 .debug_line    0x0000000000000000      0x2b7 ./User/ch32v10x_it.o
 .debug_line    0x00000000000002b7     0x16e7 ./User/main.o
 .debug_line    0x000000000000199e      0x6e1 ./User/system_ch32v10x.o
 .debug_line    0x000000000000207f      0x23a ./Startup/startup_ch32v10x.o
 .debug_line    0x00000000000022b9     0x156a ./Peripheral/src/ch32v10x_adc.o
 .debug_line    0x0000000000003823      0xd6d ./Peripheral/src/ch32v10x_gpio.o
 .debug_line    0x0000000000004590      0x59b ./Peripheral/src/ch32v10x_misc.o
 .debug_line    0x0000000000004b2b     0x1114 ./Peripheral/src/ch32v10x_rcc.o
 .debug_line    0x0000000000005c3f     0x10b9 ./Peripheral/src/ch32v10x_usart.o
 .debug_line    0x0000000000006cf8      0x6fe ./Peripheral/src/ch32v10x_usb.o
 .debug_line    0x00000000000073f6      0x6ee ./Debug/debug.o

.debug_str      0x0000000000000000     0x22c1
 .debug_str     0x0000000000000000      0x703 ./User/ch32v10x_it.o
                                        0x76a (size before relaxing)
 .debug_str     0x0000000000000703      0x8d0 ./User/main.o
                                       0x102e (size before relaxing)
 .debug_str     0x0000000000000fd3      0x10b ./User/system_ch32v10x.o
                                        0x88b (size before relaxing)
 .debug_str     0x00000000000010de       0x57 ./Startup/startup_ch32v10x.o
                                         0xb3 (size before relaxing)
 .debug_str     0x0000000000001135      0x3f3 ./Peripheral/src/ch32v10x_adc.o
                                        0xdaa (size before relaxing)
 .debug_str     0x0000000000001528      0x366 ./Peripheral/src/ch32v10x_gpio.o
                                        0xb1c (size before relaxing)
 .debug_str     0x000000000000188e      0x132 ./Peripheral/src/ch32v10x_misc.o
                                        0xbb8 (size before relaxing)
 .debug_str     0x00000000000019c0      0x37e ./Peripheral/src/ch32v10x_rcc.o
                                        0xc5e (size before relaxing)
 .debug_str     0x0000000000001d3e      0x436 ./Peripheral/src/ch32v10x_usart.o
                                        0xcf8 (size before relaxing)
 .debug_str     0x0000000000002174       0x57 ./Peripheral/src/ch32v10x_usb.o
                                        0x814 (size before relaxing)
 .debug_str     0x00000000000021cb       0xf6 ./Debug/debug.o
                                        0xb09 (size before relaxing)

.comment        0x0000000000000000       0x33
 .comment       0x0000000000000000       0x33 ./User/ch32v10x_it.o
                                         0x34 (size before relaxing)
 .comment       0x0000000000000033       0x34 ./User/main.o
 .comment       0x0000000000000033       0x34 ./User/system_ch32v10x.o
 .comment       0x0000000000000033       0x34 ./Peripheral/src/ch32v10x_adc.o
 .comment       0x0000000000000033       0x34 ./Peripheral/src/ch32v10x_gpio.o
 .comment       0x0000000000000033       0x34 ./Peripheral/src/ch32v10x_misc.o
 .comment       0x0000000000000033       0x34 ./Peripheral/src/ch32v10x_rcc.o
 .comment       0x0000000000000033       0x34 ./Peripheral/src/ch32v10x_usart.o
 .comment       0x0000000000000033       0x34 ./Peripheral/src/ch32v10x_usb.o
 .comment       0x0000000000000033       0x34 ./Debug/debug.o

.debug_frame    0x0000000000000000     0x14a0
 .debug_frame   0x0000000000000000       0x30 ./User/ch32v10x_it.o
 .debug_frame   0x0000000000000030      0x1a0 ./User/main.o
 .debug_frame   0x00000000000001d0       0x3c ./User/system_ch32v10x.o
 .debug_frame   0x000000000000020c      0x27c ./Peripheral/src/ch32v10x_adc.o
 .debug_frame   0x0000000000000488      0x140 ./Peripheral/src/ch32v10x_gpio.o
 .debug_frame   0x00000000000005c8       0x30 ./Peripheral/src/ch32v10x_misc.o
 .debug_frame   0x00000000000005f8      0x220 ./Peripheral/src/ch32v10x_rcc.o
 .debug_frame   0x0000000000000818      0x210 ./Peripheral/src/ch32v10x_usart.o
 .debug_frame   0x0000000000000a28       0x90 ./Peripheral/src/ch32v10x_usb.o
 .debug_frame   0x0000000000000ab8       0x94 ./Debug/debug.o
 .debug_frame   0x0000000000000b4c       0x20 f:/mounriver/mounriver_studio/toolchain/risc-v embedded gcc/bin/../lib/gcc/riscv-none-embed/8.2.0/../../../../riscv-none-embed/lib/rv32imac/ilp32\libg_nano.a(lib_a-memcpy.o)
 .debug_frame   0x0000000000000b6c       0x54 f:/mounriver/mounriver_studio/toolchain/risc-v embedded gcc/bin/../lib/gcc/riscv-none-embed/8.2.0/../../../../riscv-none-embed/lib/rv32imac/ilp32\libg_nano.a(lib_a-printf.o)
 .debug_frame   0x0000000000000bc0       0x54 f:/mounriver/mounriver_studio/toolchain/risc-v embedded gcc/bin/../lib/gcc/riscv-none-embed/8.2.0/../../../../riscv-none-embed/lib/rv32imac/ilp32\libg_nano.a(lib_a-puts.o)
 .debug_frame   0x0000000000000c14       0x50 f:/mounriver/mounriver_studio/toolchain/risc-v embedded gcc/bin/../lib/gcc/riscv-none-embed/8.2.0/../../../../riscv-none-embed/lib/rv32imac/ilp32\libg_nano.a(lib_a-wbuf.o)
 .debug_frame   0x0000000000000c64       0x3c f:/mounriver/mounriver_studio/toolchain/risc-v embedded gcc/bin/../lib/gcc/riscv-none-embed/8.2.0/../../../../riscv-none-embed/lib/rv32imac/ilp32\libg_nano.a(lib_a-wsetup.o)
 .debug_frame   0x0000000000000ca0       0x7c f:/mounriver/mounriver_studio/toolchain/risc-v embedded gcc/bin/../lib/gcc/riscv-none-embed/8.2.0/../../../../riscv-none-embed/lib/rv32imac/ilp32\libg_nano.a(lib_a-fflush.o)
 .debug_frame   0x0000000000000d1c      0x148 f:/mounriver/mounriver_studio/toolchain/risc-v embedded gcc/bin/../lib/gcc/riscv-none-embed/8.2.0/../../../../riscv-none-embed/lib/rv32imac/ilp32\libg_nano.a(lib_a-findfp.o)
 .debug_frame   0x0000000000000e64       0x88 f:/mounriver/mounriver_studio/toolchain/risc-v embedded gcc/bin/../lib/gcc/riscv-none-embed/8.2.0/../../../../riscv-none-embed/lib/rv32imac/ilp32\libg_nano.a(lib_a-fwalk.o)
 .debug_frame   0x0000000000000eec       0x64 f:/mounriver/mounriver_studio/toolchain/risc-v embedded gcc/bin/../lib/gcc/riscv-none-embed/8.2.0/../../../../riscv-none-embed/lib/rv32imac/ilp32\libg_nano.a(lib_a-makebuf.o)
 .debug_frame   0x0000000000000f50       0x40 f:/mounriver/mounriver_studio/toolchain/risc-v embedded gcc/bin/../lib/gcc/riscv-none-embed/8.2.0/../../../../riscv-none-embed/lib/rv32imac/ilp32\libg_nano.a(lib_a-nano-freer.o)
 .debug_frame   0x0000000000000f90       0x40 f:/mounriver/mounriver_studio/toolchain/risc-v embedded gcc/bin/../lib/gcc/riscv-none-embed/8.2.0/../../../../riscv-none-embed/lib/rv32imac/ilp32\libg_nano.a(lib_a-nano-mallocr.o)
 .debug_frame   0x0000000000000fd0       0xd0 f:/mounriver/mounriver_studio/toolchain/risc-v embedded gcc/bin/../lib/gcc/riscv-none-embed/8.2.0/../../../../riscv-none-embed/lib/rv32imac/ilp32\libg_nano.a(lib_a-nano-vfprintf.o)
 .debug_frame   0x00000000000010a0       0x8c f:/mounriver/mounriver_studio/toolchain/risc-v embedded gcc/bin/../lib/gcc/riscv-none-embed/8.2.0/../../../../riscv-none-embed/lib/rv32imac/ilp32\libg_nano.a(lib_a-nano-vfprintf_i.o)
 .debug_frame   0x000000000000112c       0x30 f:/mounriver/mounriver_studio/toolchain/risc-v embedded gcc/bin/../lib/gcc/riscv-none-embed/8.2.0/../../../../riscv-none-embed/lib/rv32imac/ilp32\libg_nano.a(lib_a-sbrkr.o)
 .debug_frame   0x000000000000115c       0xa4 f:/mounriver/mounriver_studio/toolchain/risc-v embedded gcc/bin/../lib/gcc/riscv-none-embed/8.2.0/../../../../riscv-none-embed/lib/rv32imac/ilp32\libg_nano.a(lib_a-stdio.o)
 .debug_frame   0x0000000000001200       0x30 f:/mounriver/mounriver_studio/toolchain/risc-v embedded gcc/bin/../lib/gcc/riscv-none-embed/8.2.0/../../../../riscv-none-embed/lib/rv32imac/ilp32\libg_nano.a(lib_a-writer.o)
 .debug_frame   0x0000000000001230       0x30 f:/mounriver/mounriver_studio/toolchain/risc-v embedded gcc/bin/../lib/gcc/riscv-none-embed/8.2.0/../../../../riscv-none-embed/lib/rv32imac/ilp32\libg_nano.a(lib_a-closer.o)
 .debug_frame   0x0000000000001260       0x30 f:/mounriver/mounriver_studio/toolchain/risc-v embedded gcc/bin/../lib/gcc/riscv-none-embed/8.2.0/../../../../riscv-none-embed/lib/rv32imac/ilp32\libg_nano.a(lib_a-fstatr.o)
 .debug_frame   0x0000000000001290       0x30 f:/mounriver/mounriver_studio/toolchain/risc-v embedded gcc/bin/../lib/gcc/riscv-none-embed/8.2.0/../../../../riscv-none-embed/lib/rv32imac/ilp32\libg_nano.a(lib_a-isattyr.o)
 .debug_frame   0x00000000000012c0       0x30 f:/mounriver/mounriver_studio/toolchain/risc-v embedded gcc/bin/../lib/gcc/riscv-none-embed/8.2.0/../../../../riscv-none-embed/lib/rv32imac/ilp32\libg_nano.a(lib_a-lseekr.o)
 .debug_frame   0x00000000000012f0       0x20 f:/mounriver/mounriver_studio/toolchain/risc-v embedded gcc/bin/../lib/gcc/riscv-none-embed/8.2.0/../../../../riscv-none-embed/lib/rv32imac/ilp32\libg_nano.a(lib_a-memchr.o)
 .debug_frame   0x0000000000001310       0x30 f:/mounriver/mounriver_studio/toolchain/risc-v embedded gcc/bin/../lib/gcc/riscv-none-embed/8.2.0/../../../../riscv-none-embed/lib/rv32imac/ilp32\libg_nano.a(lib_a-mlock.o)
 .debug_frame   0x0000000000001340       0x30 f:/mounriver/mounriver_studio/toolchain/risc-v embedded gcc/bin/../lib/gcc/riscv-none-embed/8.2.0/../../../../riscv-none-embed/lib/rv32imac/ilp32\libg_nano.a(lib_a-readr.o)
 .debug_frame   0x0000000000001370       0x70 f:/mounriver/mounriver_studio/toolchain/risc-v embedded gcc/bin/../lib/gcc/riscv-none-embed/8.2.0/../../../../riscv-none-embed/lib/rv32imac/ilp32\libg_nano.a(lib_a-reent.o)
 .debug_frame   0x00000000000013e0       0x20 f:/mounriver/mounriver_studio/toolchain/risc-v embedded gcc/bin/../lib/gcc/riscv-none-embed/8.2.0/../../../../riscv-none-embed/lib/rv32imac/ilp32\libnosys.a(close.o)
 .debug_frame   0x0000000000001400       0x20 f:/mounriver/mounriver_studio/toolchain/risc-v embedded gcc/bin/../lib/gcc/riscv-none-embed/8.2.0/../../../../riscv-none-embed/lib/rv32imac/ilp32\libnosys.a(fstat.o)
 .debug_frame   0x0000000000001420       0x20 f:/mounriver/mounriver_studio/toolchain/risc-v embedded gcc/bin/../lib/gcc/riscv-none-embed/8.2.0/../../../../riscv-none-embed/lib/rv32imac/ilp32\libnosys.a(isatty.o)
 .debug_frame   0x0000000000001440       0x20 f:/mounriver/mounriver_studio/toolchain/risc-v embedded gcc/bin/../lib/gcc/riscv-none-embed/8.2.0/../../../../riscv-none-embed/lib/rv32imac/ilp32\libnosys.a(lseek.o)
 .debug_frame   0x0000000000001460       0x20 f:/mounriver/mounriver_studio/toolchain/risc-v embedded gcc/bin/../lib/gcc/riscv-none-embed/8.2.0/../../../../riscv-none-embed/lib/rv32imac/ilp32\libnosys.a(read.o)
 .debug_frame   0x0000000000001480       0x20 f:/mounriver/mounriver_studio/toolchain/risc-v embedded gcc/bin/../lib/gcc/riscv-none-embed/8.2.0/../../../../riscv-none-embed/lib/rv32imac/ilp32\libnosys.a(sbrk.o)

.debug_loc      0x0000000000000000     0x27ee
 .debug_loc     0x0000000000000000      0x567 ./User/main.o
 .debug_loc     0x0000000000000567       0xc3 ./User/system_ch32v10x.o
 .debug_loc     0x000000000000062a      0xa15 ./Peripheral/src/ch32v10x_adc.o
 .debug_loc     0x000000000000103f      0x647 ./Peripheral/src/ch32v10x_gpio.o
 .debug_loc     0x0000000000001686       0xe8 ./Peripheral/src/ch32v10x_misc.o
 .debug_loc     0x000000000000176e      0x761 ./Peripheral/src/ch32v10x_rcc.o
 .debug_loc     0x0000000000001ecf      0x7ad ./Peripheral/src/ch32v10x_usart.o
 .debug_loc     0x000000000000267c      0x172 ./Debug/debug.o

.stab           0x0000000000000000       0x84
 .stab          0x0000000000000000       0x24 f:/mounriver/mounriver_studio/toolchain/risc-v embedded gcc/bin/../lib/gcc/riscv-none-embed/8.2.0/../../../../riscv-none-embed/lib/rv32imac/ilp32\libnosys.a(close.o)
 .stab          0x0000000000000024       0x18 f:/mounriver/mounriver_studio/toolchain/risc-v embedded gcc/bin/../lib/gcc/riscv-none-embed/8.2.0/../../../../riscv-none-embed/lib/rv32imac/ilp32\libnosys.a(fstat.o)
                                         0x24 (size before relaxing)
 .stab          0x000000000000003c       0x18 f:/mounriver/mounriver_studio/toolchain/risc-v embedded gcc/bin/../lib/gcc/riscv-none-embed/8.2.0/../../../../riscv-none-embed/lib/rv32imac/ilp32\libnosys.a(isatty.o)
                                         0x24 (size before relaxing)
 .stab          0x0000000000000054       0x18 f:/mounriver/mounriver_studio/toolchain/risc-v embedded gcc/bin/../lib/gcc/riscv-none-embed/8.2.0/../../../../riscv-none-embed/lib/rv32imac/ilp32\libnosys.a(lseek.o)
                                         0x24 (size before relaxing)
 .stab          0x000000000000006c       0x18 f:/mounriver/mounriver_studio/toolchain/risc-v embedded gcc/bin/../lib/gcc/riscv-none-embed/8.2.0/../../../../riscv-none-embed/lib/rv32imac/ilp32\libnosys.a(read.o)
                                         0x24 (size before relaxing)

.stabstr        0x0000000000000000      0x117
 .stabstr       0x0000000000000000      0x117 f:/mounriver/mounriver_studio/toolchain/risc-v embedded gcc/bin/../lib/gcc/riscv-none-embed/8.2.0/../../../../riscv-none-embed/lib/rv32imac/ilp32\libnosys.a(close.o)
